eeschema (2013-07-07 BZR 4022)-stable  >> Creation date: 2014-10-26 21:59:24
#Cmp ( sort. wg = Oznaczenie )
| C1         30pF        
| C2         30pF        
| C3         100nF       
| C4         47uF        
| C5         4,7uF       
| C6         47uF        
| C7         100nF       
| C8         100nF       
| C9         100nF       
| C10        100nF       
| C11        100nF       
| C12        100nF       
| C13        100nF       
| C14        100nF       
| C15        100nF       
| C16        4,7uF       
| C17        100nF       
| C18        100nF       
| C19        100nF       
| C20        100nF       
| D1         DIODE       
| D2         Tr 5.8V     
| D3         LED         
| D4         Tr 5.8V     
| D5         Tr 5.8V     
| D6         Tr 5.8V     
| D7         Tr 5.8V     
| D8         Tr 5.8V     
| D9         Tr 5.8V     
| D10        Tr 5.8V     
| D11        Tr 5.8V     
| D12        Tr 5.8V     
| D13        Tr 5.8V     
| IC1        ATMEGA8-P   
| IC2        ADM485      
| P1         3 PIN       
| P2         5 PIN       
| P3         3 PIN       
| P8         5 PIN       
| R1         4.7k        
| R2         3k          
| R3         10k         
| R4         10k         
| R5         10k         
| R6         10k         
| R7         10k         
| R8         10k         
| R9         10k         
| R10        10k         
| R11        3k          
| R12        3k          
| R13        3k          
| R14        3k          
| R15        10R         
| R16        10R         
| R17        3k          
| R18        3k          
| R19        3k          
| R20        3k          
| U1         7805        
| U2         LTV847      
| U3         LTV847      
| X1         3.6864 MHz  
#End Cmp

#Koniec listy
